
=================================== ERRORS ====================================
______ ERROR collecting app/simulation/tests/test_energy_conservation.py ______
ImportError while importing test module 'C:\Users\5h4rv\Downloads\ies-ev-system\backend\app\simulation\tests\test_energy_conservation.py'.
Hint: make sure your test modules/packages have valid Python names.
Traceback:
C:\Python314\Lib\importlib\__init__.py:88: in import_module
    return _bootstrap._gcd_import(name[level:], package, level)
           ^^^^^^^^^^^^^^^^^^^^^^^^^^^^^^^^^^^^^^^^^^^^^^^^^^^^
app\simulation\tests\test_energy_conservation.py:2: in <module>
    from app.simulation.converters import BatteryEnergyConverter
E   ModuleNotFoundError: No module named 'app'
=========================== short test summary info ===========================
ERROR app/simulation/tests/test_energy_conservation.py
!!!!!!!!!!!!!!!!!!! Interrupted: 1 error during collection !!!!!!!!!!!!!!!!!!!!
1 error in 0.17s
